==129026== Memcheck, a memory error detector
==129026== Copyright (C) 2002-2024, and GNU GPL'd, by Julian Seward et al.
==129026== Using Valgrind-3.25.1 and LibVEX; rerun with -h for copyright info
==129026== Command: ./opencc -### test_.c -o tewst
==129026== Parent PID: 121485
==129026== 
==129026== 
==129026== HEAP SUMMARY:
==129026==     in use at exit: 26,147 bytes in 200 blocks
==129026==   total heap usage: 2,195 allocs, 1,995 frees, 838,974 bytes allocated
==129026== 
==129026== 20 bytes in 1 blocks are definitely lost in loss record 5 of 195
==129026==    at 0x49068A8: malloc (vg_replace_malloc.c:446)
==129026==    by 0x4E020BF: strdup (strdup.c:42)
==129026==    by 0x40166A6: create_tmpfile[abi:cxx11]() (main.cpp:391)
==129026==    by 0x4013022: main (main.cpp:823)
==129026== 
==129026== 20 bytes in 1 blocks are definitely lost in loss record 6 of 195
==129026==    at 0x49068A8: malloc (vg_replace_malloc.c:446)
==129026==    by 0x4E020BF: strdup (strdup.c:42)
==129026==    by 0x40166A6: create_tmpfile[abi:cxx11]() (main.cpp:391)
==129026==    by 0x4013030: main (main.cpp:824)
==129026== 
==129026== 96 bytes in 1 blocks are definitely lost in loss record 21 of 195
==129026==    at 0x4907093: operator new(unsigned long) (vg_replace_malloc.c:487)
==129026==    by 0x4045501: add_macro(std::__cxx11::basic_string<char, std::char_traits<char>, std::allocator<char> > const&, bool, Token*) (preprocess.cpp:333)
==129026==    by 0x404B3A1: add_builtin(std::__cxx11::basic_string<char, std::char_traits<char>, std::allocator<char> > const&, Token* (*)(Token*)) (preprocess.cpp:1017)
==129026==    by 0x404D428: init_macros() (preprocess.cpp:1117)
==129026==    by 0x40121AF: main (main.cpp:745)
==129026== 
==129026== 96 bytes in 1 blocks are definitely lost in loss record 22 of 195
==129026==    at 0x4907093: operator new(unsigned long) (vg_replace_malloc.c:487)
==129026==    by 0x4045501: add_macro(std::__cxx11::basic_string<char, std::char_traits<char>, std::allocator<char> > const&, bool, Token*) (preprocess.cpp:333)
==129026==    by 0x404B3A1: add_builtin(std::__cxx11::basic_string<char, std::char_traits<char>, std::allocator<char> > const&, Token* (*)(Token*)) (preprocess.cpp:1017)
==129026==    by 0x404D488: init_macros() (preprocess.cpp:1118)
==129026==    by 0x40121AF: main (main.cpp:745)
==129026== 
==129026== 96 bytes in 1 blocks are definitely lost in loss record 23 of 195
==129026==    at 0x4907093: operator new(unsigned long) (vg_replace_malloc.c:487)
==129026==    by 0x4045501: add_macro(std::__cxx11::basic_string<char, std::char_traits<char>, std::allocator<char> > const&, bool, Token*) (preprocess.cpp:333)
==129026==    by 0x404B3A1: add_builtin(std::__cxx11::basic_string<char, std::char_traits<char>, std::allocator<char> > const&, Token* (*)(Token*)) (preprocess.cpp:1017)
==129026==    by 0x404D4E8: init_macros() (preprocess.cpp:1119)
==129026==    by 0x40121AF: main (main.cpp:745)
==129026== 
==129026== 96 bytes in 1 blocks are definitely lost in loss record 24 of 195
==129026==    at 0x4907093: operator new(unsigned long) (vg_replace_malloc.c:487)
==129026==    by 0x4045501: add_macro(std::__cxx11::basic_string<char, std::char_traits<char>, std::allocator<char> > const&, bool, Token*) (preprocess.cpp:333)
==129026==    by 0x404B3A1: add_builtin(std::__cxx11::basic_string<char, std::char_traits<char>, std::allocator<char> > const&, Token* (*)(Token*)) (preprocess.cpp:1017)
==129026==    by 0x404D548: init_macros() (preprocess.cpp:1120)
==129026==    by 0x40121AF: main (main.cpp:745)
==129026== 
==129026== 96 bytes in 1 blocks are definitely lost in loss record 25 of 195
==129026==    at 0x4907093: operator new(unsigned long) (vg_replace_malloc.c:487)
==129026==    by 0x4045501: add_macro(std::__cxx11::basic_string<char, std::char_traits<char>, std::allocator<char> > const&, bool, Token*) (preprocess.cpp:333)
==129026==    by 0x404B3A1: add_builtin(std::__cxx11::basic_string<char, std::char_traits<char>, std::allocator<char> > const&, Token* (*)(Token*)) (preprocess.cpp:1017)
==129026==    by 0x404D5A8: init_macros() (preprocess.cpp:1121)
==129026==    by 0x40121AF: main (main.cpp:745)
==129026== 
==129026== 415 (96 direct, 319 indirect) bytes in 1 blocks are definitely lost in loss record 152 of 195
==129026==    at 0x4907093: operator new(unsigned long) (vg_replace_malloc.c:487)
==129026==    by 0x4045501: add_macro(std::__cxx11::basic_string<char, std::char_traits<char>, std::allocator<char> > const&, bool, Token*) (preprocess.cpp:333)
==129026==    by 0x404B309: define_macro(std::__cxx11::basic_string<char, std::char_traits<char>, std::allocator<char> > const&, std::__cxx11::basic_string<char, std::char_traits<char>, std::allocator<char> > const&) (preprocess.cpp:1009)
==129026==    by 0x404C7A8: init_macros() (preprocess.cpp:1097)
==129026==    by 0x40121AF: main (main.cpp:745)
==129026== 
==129026== 560 (96 direct, 464 indirect) bytes in 1 blocks are definitely lost in loss record 155 of 195
==129026==    at 0x4907093: operator new(unsigned long) (vg_replace_malloc.c:487)
==129026==    by 0x4045501: add_macro(std::__cxx11::basic_string<char, std::char_traits<char>, std::allocator<char> > const&, bool, Token*) (preprocess.cpp:333)
==129026==    by 0x404B309: define_macro(std::__cxx11::basic_string<char, std::char_traits<char>, std::allocator<char> > const&, std::__cxx11::basic_string<char, std::char_traits<char>, std::allocator<char> > const&) (preprocess.cpp:1009)
==129026==    by 0x404B9B0: init_macros() (preprocess.cpp:1076)
==129026==    by 0x40121AF: main (main.cpp:745)
==129026== 
==129026== 560 (96 direct, 464 indirect) bytes in 1 blocks are definitely lost in loss record 156 of 195
==129026==    at 0x4907093: operator new(unsigned long) (vg_replace_malloc.c:487)
==129026==    by 0x4045501: add_macro(std::__cxx11::basic_string<char, std::char_traits<char>, std::allocator<char> > const&, bool, Token*) (preprocess.cpp:333)
==129026==    by 0x404B309: define_macro(std::__cxx11::basic_string<char, std::char_traits<char>, std::allocator<char> > const&, std::__cxx11::basic_string<char, std::char_traits<char>, std::allocator<char> > const&) (preprocess.cpp:1009)
==129026==    by 0x404BAF7: init_macros() (preprocess.cpp:1078)
==129026==    by 0x40121AF: main (main.cpp:745)
==129026== 
==129026== 560 (96 direct, 464 indirect) bytes in 1 blocks are definitely lost in loss record 157 of 195
==129026==    at 0x4907093: operator new(unsigned long) (vg_replace_malloc.c:487)
==129026==    by 0x4045501: add_macro(std::__cxx11::basic_string<char, std::char_traits<char>, std::allocator<char> > const&, bool, Token*) (preprocess.cpp:333)
==129026==    by 0x404B309: define_macro(std::__cxx11::basic_string<char, std::char_traits<char>, std::allocator<char> > const&, std::__cxx11::basic_string<char, std::char_traits<char>, std::allocator<char> > const&) (preprocess.cpp:1009)
==129026==    by 0x404BBA2: init_macros() (preprocess.cpp:1079)
==129026==    by 0x40121AF: main (main.cpp:745)
==129026== 
==129026== 560 (96 direct, 464 indirect) bytes in 1 blocks are definitely lost in loss record 158 of 195
==129026==    at 0x4907093: operator new(unsigned long) (vg_replace_malloc.c:487)
==129026==    by 0x4045501: add_macro(std::__cxx11::basic_string<char, std::char_traits<char>, std::allocator<char> > const&, bool, Token*) (preprocess.cpp:333)
==129026==    by 0x404B309: define_macro(std::__cxx11::basic_string<char, std::char_traits<char>, std::allocator<char> > const&, std::__cxx11::basic_string<char, std::char_traits<char>, std::allocator<char> > const&) (preprocess.cpp:1009)
==129026==    by 0x404BDA3: init_macros() (preprocess.cpp:1082)
==129026==    by 0x40121AF: main (main.cpp:745)
==129026== 
==129026== 560 (96 direct, 464 indirect) bytes in 1 blocks are definitely lost in loss record 159 of 195
==129026==    at 0x4907093: operator new(unsigned long) (vg_replace_malloc.c:487)
==129026==    by 0x4045501: add_macro(std::__cxx11::basic_string<char, std::char_traits<char>, std::allocator<char> > const&, bool, Token*) (preprocess.cpp:333)
==129026==    by 0x404B309: define_macro(std::__cxx11::basic_string<char, std::char_traits<char>, std::allocator<char> > const&, std::__cxx11::basic_string<char, std::char_traits<char>, std::allocator<char> > const&) (preprocess.cpp:1009)
==129026==    by 0x404BFA4: init_macros() (preprocess.cpp:1085)
==129026==    by 0x40121AF: main (main.cpp:745)
==129026== 
==129026== 560 (96 direct, 464 indirect) bytes in 1 blocks are definitely lost in loss record 160 of 195
==129026==    at 0x4907093: operator new(unsigned long) (vg_replace_malloc.c:487)
==129026==    by 0x4045501: add_macro(std::__cxx11::basic_string<char, std::char_traits<char>, std::allocator<char> > const&, bool, Token*) (preprocess.cpp:333)
==129026==    by 0x404B309: define_macro(std::__cxx11::basic_string<char, std::char_traits<char>, std::allocator<char> > const&, std::__cxx11::basic_string<char, std::char_traits<char>, std::allocator<char> > const&) (preprocess.cpp:1009)
==129026==    by 0x404C3A6: init_macros() (preprocess.cpp:1091)
==129026==    by 0x40121AF: main (main.cpp:745)
==129026== 
==129026== 560 (96 direct, 464 indirect) bytes in 1 blocks are definitely lost in loss record 161 of 195
==129026==    at 0x4907093: operator new(unsigned long) (vg_replace_malloc.c:487)
==129026==    by 0x4045501: add_macro(std::__cxx11::basic_string<char, std::char_traits<char>, std::allocator<char> > const&, bool, Token*) (preprocess.cpp:333)
==129026==    by 0x404B309: define_macro(std::__cxx11::basic_string<char, std::char_traits<char>, std::allocator<char> > const&, std::__cxx11::basic_string<char, std::char_traits<char>, std::allocator<char> > const&) (preprocess.cpp:1009)
==129026==    by 0x404C4FC: init_macros() (preprocess.cpp:1093)
==129026==    by 0x40121AF: main (main.cpp:745)
==129026== 
==129026== 560 (96 direct, 464 indirect) bytes in 1 blocks are definitely lost in loss record 162 of 195
==129026==    at 0x4907093: operator new(unsigned long) (vg_replace_malloc.c:487)
==129026==    by 0x4045501: add_macro(std::__cxx11::basic_string<char, std::char_traits<char>, std::allocator<char> > const&, bool, Token*) (preprocess.cpp:333)
==129026==    by 0x404B309: define_macro(std::__cxx11::basic_string<char, std::char_traits<char>, std::allocator<char> > const&, std::__cxx11::basic_string<char, std::char_traits<char>, std::allocator<char> > const&) (preprocess.cpp:1009)
==129026==    by 0x404C5A7: init_macros() (preprocess.cpp:1094)
==129026==    by 0x40121AF: main (main.cpp:745)
==129026== 
==129026== 560 (96 direct, 464 indirect) bytes in 1 blocks are definitely lost in loss record 163 of 195
==129026==    at 0x4907093: operator new(unsigned long) (vg_replace_malloc.c:487)
==129026==    by 0x4045501: add_macro(std::__cxx11::basic_string<char, std::char_traits<char>, std::allocator<char> > const&, bool, Token*) (preprocess.cpp:333)
==129026==    by 0x404B309: define_macro(std::__cxx11::basic_string<char, std::char_traits<char>, std::allocator<char> > const&, std::__cxx11::basic_string<char, std::char_traits<char>, std::allocator<char> > const&) (preprocess.cpp:1009)
==129026==    by 0x404C6FD: init_macros() (preprocess.cpp:1096)
==129026==    by 0x40121AF: main (main.cpp:745)
==129026== 
==129026== 560 (96 direct, 464 indirect) bytes in 1 blocks are definitely lost in loss record 164 of 195
==129026==    at 0x4907093: operator new(unsigned long) (vg_replace_malloc.c:487)
==129026==    by 0x4045501: add_macro(std::__cxx11::basic_string<char, std::char_traits<char>, std::allocator<char> > const&, bool, Token*) (preprocess.cpp:333)
==129026==    by 0x404B309: define_macro(std::__cxx11::basic_string<char, std::char_traits<char>, std::allocator<char> > const&, std::__cxx11::basic_string<char, std::char_traits<char>, std::allocator<char> > const&) (preprocess.cpp:1009)
==129026==    by 0x404C853: init_macros() (preprocess.cpp:1098)
==129026==    by 0x40121AF: main (main.cpp:745)
==129026== 
==129026== 560 (96 direct, 464 indirect) bytes in 1 blocks are definitely lost in loss record 165 of 195
==129026==    at 0x4907093: operator new(unsigned long) (vg_replace_malloc.c:487)
==129026==    by 0x4045501: add_macro(std::__cxx11::basic_string<char, std::char_traits<char>, std::allocator<char> > const&, bool, Token*) (preprocess.cpp:333)
==129026==    by 0x404B309: define_macro(std::__cxx11::basic_string<char, std::char_traits<char>, std::allocator<char> > const&, std::__cxx11::basic_string<char, std::char_traits<char>, std::allocator<char> > const&) (preprocess.cpp:1009)
==129026==    by 0x404C8FE: init_macros() (preprocess.cpp:1099)
==129026==    by 0x40121AF: main (main.cpp:745)
==129026== 
==129026== 560 (96 direct, 464 indirect) bytes in 1 blocks are definitely lost in loss record 166 of 195
==129026==    at 0x4907093: operator new(unsigned long) (vg_replace_malloc.c:487)
==129026==    by 0x4045501: add_macro(std::__cxx11::basic_string<char, std::char_traits<char>, std::allocator<char> > const&, bool, Token*) (preprocess.cpp:333)
==129026==    by 0x404B309: define_macro(std::__cxx11::basic_string<char, std::char_traits<char>, std::allocator<char> > const&, std::__cxx11::basic_string<char, std::char_traits<char>, std::allocator<char> > const&) (preprocess.cpp:1009)
==129026==    by 0x404C9A9: init_macros() (preprocess.cpp:1100)
==129026==    by 0x40121AF: main (main.cpp:745)
==129026== 
==129026== 560 (96 direct, 464 indirect) bytes in 1 blocks are definitely lost in loss record 167 of 195
==129026==    at 0x4907093: operator new(unsigned long) (vg_replace_malloc.c:487)
==129026==    by 0x4045501: add_macro(std::__cxx11::basic_string<char, std::char_traits<char>, std::allocator<char> > const&, bool, Token*) (preprocess.cpp:333)
==129026==    by 0x404B309: define_macro(std::__cxx11::basic_string<char, std::char_traits<char>, std::allocator<char> > const&, std::__cxx11::basic_string<char, std::char_traits<char>, std::allocator<char> > const&) (preprocess.cpp:1009)
==129026==    by 0x404CA54: init_macros() (preprocess.cpp:1101)
==129026==    by 0x40121AF: main (main.cpp:745)
==129026== 
==129026== 560 (96 direct, 464 indirect) bytes in 1 blocks are definitely lost in loss record 168 of 195
==129026==    at 0x4907093: operator new(unsigned long) (vg_replace_malloc.c:487)
==129026==    by 0x4045501: add_macro(std::__cxx11::basic_string<char, std::char_traits<char>, std::allocator<char> > const&, bool, Token*) (preprocess.cpp:333)
==129026==    by 0x404B309: define_macro(std::__cxx11::basic_string<char, std::char_traits<char>, std::allocator<char> > const&, std::__cxx11::basic_string<char, std::char_traits<char>, std::allocator<char> > const&) (preprocess.cpp:1009)
==129026==    by 0x404CAFF: init_macros() (preprocess.cpp:1102)
==129026==    by 0x40121AF: main (main.cpp:745)
==129026== 
==129026== 560 (96 direct, 464 indirect) bytes in 1 blocks are definitely lost in loss record 169 of 195
==129026==    at 0x4907093: operator new(unsigned long) (vg_replace_malloc.c:487)
==129026==    by 0x4045501: add_macro(std::__cxx11::basic_string<char, std::char_traits<char>, std::allocator<char> > const&, bool, Token*) (preprocess.cpp:333)
==129026==    by 0x404B309: define_macro(std::__cxx11::basic_string<char, std::char_traits<char>, std::allocator<char> > const&, std::__cxx11::basic_string<char, std::char_traits<char>, std::allocator<char> > const&) (preprocess.cpp:1009)
==129026==    by 0x404CBAA: init_macros() (preprocess.cpp:1103)
==129026==    by 0x40121AF: main (main.cpp:745)
==129026== 
==129026== 560 (96 direct, 464 indirect) bytes in 1 blocks are definitely lost in loss record 170 of 195
==129026==    at 0x4907093: operator new(unsigned long) (vg_replace_malloc.c:487)
==129026==    by 0x4045501: add_macro(std::__cxx11::basic_string<char, std::char_traits<char>, std::allocator<char> > const&, bool, Token*) (preprocess.cpp:333)
==129026==    by 0x404B309: define_macro(std::__cxx11::basic_string<char, std::char_traits<char>, std::allocator<char> > const&, std::__cxx11::basic_string<char, std::char_traits<char>, std::allocator<char> > const&) (preprocess.cpp:1009)
==129026==    by 0x404CC55: init_macros() (preprocess.cpp:1104)
==129026==    by 0x40121AF: main (main.cpp:745)
==129026== 
==129026== 560 (96 direct, 464 indirect) bytes in 1 blocks are definitely lost in loss record 171 of 195
==129026==    at 0x4907093: operator new(unsigned long) (vg_replace_malloc.c:487)
==129026==    by 0x4045501: add_macro(std::__cxx11::basic_string<char, std::char_traits<char>, std::allocator<char> > const&, bool, Token*) (preprocess.cpp:333)
==129026==    by 0x404B309: define_macro(std::__cxx11::basic_string<char, std::char_traits<char>, std::allocator<char> > const&, std::__cxx11::basic_string<char, std::char_traits<char>, std::allocator<char> > const&) (preprocess.cpp:1009)
==129026==    by 0x404CD00: init_macros() (preprocess.cpp:1105)
==129026==    by 0x40121AF: main (main.cpp:745)
==129026== 
==129026== 560 (96 direct, 464 indirect) bytes in 1 blocks are definitely lost in loss record 172 of 195
==129026==    at 0x4907093: operator new(unsigned long) (vg_replace_malloc.c:487)
==129026==    by 0x4045501: add_macro(std::__cxx11::basic_string<char, std::char_traits<char>, std::allocator<char> > const&, bool, Token*) (preprocess.cpp:333)
==129026==    by 0x404B309: define_macro(std::__cxx11::basic_string<char, std::char_traits<char>, std::allocator<char> > const&, std::__cxx11::basic_string<char, std::char_traits<char>, std::allocator<char> > const&) (preprocess.cpp:1009)
==129026==    by 0x404CDAB: init_macros() (preprocess.cpp:1106)
==129026==    by 0x40121AF: main (main.cpp:745)
==129026== 
==129026== 560 (96 direct, 464 indirect) bytes in 1 blocks are definitely lost in loss record 173 of 195
==129026==    at 0x4907093: operator new(unsigned long) (vg_replace_malloc.c:487)
==129026==    by 0x4045501: add_macro(std::__cxx11::basic_string<char, std::char_traits<char>, std::allocator<char> > const&, bool, Token*) (preprocess.cpp:333)
==129026==    by 0x404B309: define_macro(std::__cxx11::basic_string<char, std::char_traits<char>, std::allocator<char> > const&, std::__cxx11::basic_string<char, std::char_traits<char>, std::allocator<char> > const&) (preprocess.cpp:1009)
==129026==    by 0x404CE56: init_macros() (preprocess.cpp:1107)
==129026==    by 0x40121AF: main (main.cpp:745)
==129026== 
==129026== 560 (96 direct, 464 indirect) bytes in 1 blocks are definitely lost in loss record 174 of 195
==129026==    at 0x4907093: operator new(unsigned long) (vg_replace_malloc.c:487)
==129026==    by 0x4045501: add_macro(std::__cxx11::basic_string<char, std::char_traits<char>, std::allocator<char> > const&, bool, Token*) (preprocess.cpp:333)
==129026==    by 0x404B309: define_macro(std::__cxx11::basic_string<char, std::char_traits<char>, std::allocator<char> > const&, std::__cxx11::basic_string<char, std::char_traits<char>, std::allocator<char> > const&) (preprocess.cpp:1009)
==129026==    by 0x404CF01: init_macros() (preprocess.cpp:1108)
==129026==    by 0x40121AF: main (main.cpp:745)
==129026== 
==129026== 560 (96 direct, 464 indirect) bytes in 1 blocks are definitely lost in loss record 175 of 195
==129026==    at 0x4907093: operator new(unsigned long) (vg_replace_malloc.c:487)
==129026==    by 0x4045501: add_macro(std::__cxx11::basic_string<char, std::char_traits<char>, std::allocator<char> > const&, bool, Token*) (preprocess.cpp:333)
==129026==    by 0x404B309: define_macro(std::__cxx11::basic_string<char, std::char_traits<char>, std::allocator<char> > const&, std::__cxx11::basic_string<char, std::char_traits<char>, std::allocator<char> > const&) (preprocess.cpp:1009)
==129026==    by 0x404CFAC: init_macros() (preprocess.cpp:1109)
==129026==    by 0x40121AF: main (main.cpp:745)
==129026== 
==129026== 560 (96 direct, 464 indirect) bytes in 1 blocks are definitely lost in loss record 176 of 195
==129026==    at 0x4907093: operator new(unsigned long) (vg_replace_malloc.c:487)
==129026==    by 0x4045501: add_macro(std::__cxx11::basic_string<char, std::char_traits<char>, std::allocator<char> > const&, bool, Token*) (preprocess.cpp:333)
==129026==    by 0x404B309: define_macro(std::__cxx11::basic_string<char, std::char_traits<char>, std::allocator<char> > const&, std::__cxx11::basic_string<char, std::char_traits<char>, std::allocator<char> > const&) (preprocess.cpp:1009)
==129026==    by 0x404D057: init_macros() (preprocess.cpp:1110)
==129026==    by 0x40121AF: main (main.cpp:745)
==129026== 
==129026== 560 (96 direct, 464 indirect) bytes in 1 blocks are definitely lost in loss record 177 of 195
==129026==    at 0x4907093: operator new(unsigned long) (vg_replace_malloc.c:487)
==129026==    by 0x4045501: add_macro(std::__cxx11::basic_string<char, std::char_traits<char>, std::allocator<char> > const&, bool, Token*) (preprocess.cpp:333)
==129026==    by 0x404B309: define_macro(std::__cxx11::basic_string<char, std::char_traits<char>, std::allocator<char> > const&, std::__cxx11::basic_string<char, std::char_traits<char>, std::allocator<char> > const&) (preprocess.cpp:1009)
==129026==    by 0x404D102: init_macros() (preprocess.cpp:1111)
==129026==    by 0x40121AF: main (main.cpp:745)
==129026== 
==129026== 560 (96 direct, 464 indirect) bytes in 1 blocks are definitely lost in loss record 178 of 195
==129026==    at 0x4907093: operator new(unsigned long) (vg_replace_malloc.c:487)
==129026==    by 0x4045501: add_macro(std::__cxx11::basic_string<char, std::char_traits<char>, std::allocator<char> > const&, bool, Token*) (preprocess.cpp:333)
==129026==    by 0x404B309: define_macro(std::__cxx11::basic_string<char, std::char_traits<char>, std::allocator<char> > const&, std::__cxx11::basic_string<char, std::char_traits<char>, std::allocator<char> > const&) (preprocess.cpp:1009)
==129026==    by 0x404D1AD: init_macros() (preprocess.cpp:1112)
==129026==    by 0x40121AF: main (main.cpp:745)
==129026== 
==129026== 560 (96 direct, 464 indirect) bytes in 1 blocks are definitely lost in loss record 179 of 195
==129026==    at 0x4907093: operator new(unsigned long) (vg_replace_malloc.c:487)
==129026==    by 0x4045501: add_macro(std::__cxx11::basic_string<char, std::char_traits<char>, std::allocator<char> > const&, bool, Token*) (preprocess.cpp:333)
==129026==    by 0x404B309: define_macro(std::__cxx11::basic_string<char, std::char_traits<char>, std::allocator<char> > const&, std::__cxx11::basic_string<char, std::char_traits<char>, std::allocator<char> > const&) (preprocess.cpp:1009)
==129026==    by 0x404D258: init_macros() (preprocess.cpp:1113)
==129026==    by 0x40121AF: main (main.cpp:745)
==129026== 
==129026== 560 (96 direct, 464 indirect) bytes in 1 blocks are definitely lost in loss record 180 of 195
==129026==    at 0x4907093: operator new(unsigned long) (vg_replace_malloc.c:487)
==129026==    by 0x4045501: add_macro(std::__cxx11::basic_string<char, std::char_traits<char>, std::allocator<char> > const&, bool, Token*) (preprocess.cpp:333)
==129026==    by 0x404B309: define_macro(std::__cxx11::basic_string<char, std::char_traits<char>, std::allocator<char> > const&, std::__cxx11::basic_string<char, std::char_traits<char>, std::allocator<char> > const&) (preprocess.cpp:1009)
==129026==    by 0x404D303: init_macros() (preprocess.cpp:1114)
==129026==    by 0x40121AF: main (main.cpp:745)
==129026== 
==129026== 560 (96 direct, 464 indirect) bytes in 1 blocks are definitely lost in loss record 181 of 195
==129026==    at 0x4907093: operator new(unsigned long) (vg_replace_malloc.c:487)
==129026==    by 0x4045501: add_macro(std::__cxx11::basic_string<char, std::char_traits<char>, std::allocator<char> > const&, bool, Token*) (preprocess.cpp:333)
==129026==    by 0x404B309: define_macro(std::__cxx11::basic_string<char, std::char_traits<char>, std::allocator<char> > const&, std::__cxx11::basic_string<char, std::char_traits<char>, std::allocator<char> > const&) (preprocess.cpp:1009)
==129026==    by 0x404D3AE: init_macros() (preprocess.cpp:1115)
==129026==    by 0x40121AF: main (main.cpp:745)
==129026== 
==129026== 591 (96 direct, 495 indirect) bytes in 1 blocks are definitely lost in loss record 182 of 195
==129026==    at 0x4907093: operator new(unsigned long) (vg_replace_malloc.c:487)
==129026==    by 0x4045501: add_macro(std::__cxx11::basic_string<char, std::char_traits<char>, std::allocator<char> > const&, bool, Token*) (preprocess.cpp:333)
==129026==    by 0x404B309: define_macro(std::__cxx11::basic_string<char, std::char_traits<char>, std::allocator<char> > const&, std::__cxx11::basic_string<char, std::char_traits<char>, std::allocator<char> > const&) (preprocess.cpp:1009)
==129026==    by 0x404BA4F: init_macros() (preprocess.cpp:1077)
==129026==    by 0x40121AF: main (main.cpp:745)
==129026== 
==129026== 591 (96 direct, 495 indirect) bytes in 1 blocks are definitely lost in loss record 183 of 195
==129026==    at 0x4907093: operator new(unsigned long) (vg_replace_malloc.c:487)
==129026==    by 0x4045501: add_macro(std::__cxx11::basic_string<char, std::char_traits<char>, std::allocator<char> > const&, bool, Token*) (preprocess.cpp:333)
==129026==    by 0x404B309: define_macro(std::__cxx11::basic_string<char, std::char_traits<char>, std::allocator<char> > const&, std::__cxx11::basic_string<char, std::char_traits<char>, std::allocator<char> > const&) (preprocess.cpp:1009)
==129026==    by 0x404BC4D: init_macros() (preprocess.cpp:1080)
==129026==    by 0x40121AF: main (main.cpp:745)
==129026== 
==129026== 591 (96 direct, 495 indirect) bytes in 1 blocks are definitely lost in loss record 184 of 195
==129026==    at 0x4907093: operator new(unsigned long) (vg_replace_malloc.c:487)
==129026==    by 0x4045501: add_macro(std::__cxx11::basic_string<char, std::char_traits<char>, std::allocator<char> > const&, bool, Token*) (preprocess.cpp:333)
==129026==    by 0x404B309: define_macro(std::__cxx11::basic_string<char, std::char_traits<char>, std::allocator<char> > const&, std::__cxx11::basic_string<char, std::char_traits<char>, std::allocator<char> > const&) (preprocess.cpp:1009)
==129026==    by 0x404BCF8: init_macros() (preprocess.cpp:1081)
==129026==    by 0x40121AF: main (main.cpp:745)
==129026== 
==129026== 591 (96 direct, 495 indirect) bytes in 1 blocks are definitely lost in loss record 185 of 195
==129026==    at 0x4907093: operator new(unsigned long) (vg_replace_malloc.c:487)
==129026==    by 0x4045501: add_macro(std::__cxx11::basic_string<char, std::char_traits<char>, std::allocator<char> > const&, bool, Token*) (preprocess.cpp:333)
==129026==    by 0x404B309: define_macro(std::__cxx11::basic_string<char, std::char_traits<char>, std::allocator<char> > const&, std::__cxx11::basic_string<char, std::char_traits<char>, std::allocator<char> > const&) (preprocess.cpp:1009)
==129026==    by 0x404BE4E: init_macros() (preprocess.cpp:1083)
==129026==    by 0x40121AF: main (main.cpp:745)
==129026== 
==129026== 591 (96 direct, 495 indirect) bytes in 1 blocks are definitely lost in loss record 186 of 195
==129026==    at 0x4907093: operator new(unsigned long) (vg_replace_malloc.c:487)
==129026==    by 0x4045501: add_macro(std::__cxx11::basic_string<char, std::char_traits<char>, std::allocator<char> > const&, bool, Token*) (preprocess.cpp:333)
==129026==    by 0x404B309: define_macro(std::__cxx11::basic_string<char, std::char_traits<char>, std::allocator<char> > const&, std::__cxx11::basic_string<char, std::char_traits<char>, std::allocator<char> > const&) (preprocess.cpp:1009)
==129026==    by 0x404BEF9: init_macros() (preprocess.cpp:1084)
==129026==    by 0x40121AF: main (main.cpp:745)
==129026== 
==129026== 591 (96 direct, 495 indirect) bytes in 1 blocks are definitely lost in loss record 187 of 195
==129026==    at 0x4907093: operator new(unsigned long) (vg_replace_malloc.c:487)
==129026==    by 0x4045501: add_macro(std::__cxx11::basic_string<char, std::char_traits<char>, std::allocator<char> > const&, bool, Token*) (preprocess.cpp:333)
==129026==    by 0x404B309: define_macro(std::__cxx11::basic_string<char, std::char_traits<char>, std::allocator<char> > const&, std::__cxx11::basic_string<char, std::char_traits<char>, std::allocator<char> > const&) (preprocess.cpp:1009)
==129026==    by 0x404C04F: init_macros() (preprocess.cpp:1086)
==129026==    by 0x40121AF: main (main.cpp:745)
==129026== 
==129026== 591 (96 direct, 495 indirect) bytes in 1 blocks are definitely lost in loss record 188 of 195
==129026==    at 0x4907093: operator new(unsigned long) (vg_replace_malloc.c:487)
==129026==    by 0x4045501: add_macro(std::__cxx11::basic_string<char, std::char_traits<char>, std::allocator<char> > const&, bool, Token*) (preprocess.cpp:333)
==129026==    by 0x404B309: define_macro(std::__cxx11::basic_string<char, std::char_traits<char>, std::allocator<char> > const&, std::__cxx11::basic_string<char, std::char_traits<char>, std::allocator<char> > const&) (preprocess.cpp:1009)
==129026==    by 0x404C0FA: init_macros() (preprocess.cpp:1087)
==129026==    by 0x40121AF: main (main.cpp:745)
==129026== 
==129026== 591 (96 direct, 495 indirect) bytes in 1 blocks are definitely lost in loss record 189 of 195
==129026==    at 0x4907093: operator new(unsigned long) (vg_replace_malloc.c:487)
==129026==    by 0x4045501: add_macro(std::__cxx11::basic_string<char, std::char_traits<char>, std::allocator<char> > const&, bool, Token*) (preprocess.cpp:333)
==129026==    by 0x404B309: define_macro(std::__cxx11::basic_string<char, std::char_traits<char>, std::allocator<char> > const&, std::__cxx11::basic_string<char, std::char_traits<char>, std::allocator<char> > const&) (preprocess.cpp:1009)
==129026==    by 0x404C1A5: init_macros() (preprocess.cpp:1088)
==129026==    by 0x40121AF: main (main.cpp:745)
==129026== 
==129026== 591 (96 direct, 495 indirect) bytes in 1 blocks are definitely lost in loss record 190 of 195
==129026==    at 0x4907093: operator new(unsigned long) (vg_replace_malloc.c:487)
==129026==    by 0x4045501: add_macro(std::__cxx11::basic_string<char, std::char_traits<char>, std::allocator<char> > const&, bool, Token*) (preprocess.cpp:333)
==129026==    by 0x404B309: define_macro(std::__cxx11::basic_string<char, std::char_traits<char>, std::allocator<char> > const&, std::__cxx11::basic_string<char, std::char_traits<char>, std::allocator<char> > const&) (preprocess.cpp:1009)
==129026==    by 0x404C250: init_macros() (preprocess.cpp:1089)
==129026==    by 0x40121AF: main (main.cpp:745)
==129026== 
==129026== 591 (96 direct, 495 indirect) bytes in 1 blocks are definitely lost in loss record 191 of 195
==129026==    at 0x4907093: operator new(unsigned long) (vg_replace_malloc.c:487)
==129026==    by 0x4045501: add_macro(std::__cxx11::basic_string<char, std::char_traits<char>, std::allocator<char> > const&, bool, Token*) (preprocess.cpp:333)
==129026==    by 0x404B309: define_macro(std::__cxx11::basic_string<char, std::char_traits<char>, std::allocator<char> > const&, std::__cxx11::basic_string<char, std::char_traits<char>, std::allocator<char> > const&) (preprocess.cpp:1009)
==129026==    by 0x404C451: init_macros() (preprocess.cpp:1092)
==129026==    by 0x40121AF: main (main.cpp:745)
==129026== 
==129026== 591 (96 direct, 495 indirect) bytes in 1 blocks are definitely lost in loss record 192 of 195
==129026==    at 0x4907093: operator new(unsigned long) (vg_replace_malloc.c:487)
==129026==    by 0x4045501: add_macro(std::__cxx11::basic_string<char, std::char_traits<char>, std::allocator<char> > const&, bool, Token*) (preprocess.cpp:333)
==129026==    by 0x404B309: define_macro(std::__cxx11::basic_string<char, std::char_traits<char>, std::allocator<char> > const&, std::__cxx11::basic_string<char, std::char_traits<char>, std::allocator<char> > const&) (preprocess.cpp:1009)
==129026==    by 0x404C652: init_macros() (preprocess.cpp:1095)
==129026==    by 0x40121AF: main (main.cpp:745)
==129026== 
==129026== 736 (96 direct, 640 indirect) bytes in 1 blocks are definitely lost in loss record 193 of 195
==129026==    at 0x4907093: operator new(unsigned long) (vg_replace_malloc.c:487)
==129026==    by 0x4045501: add_macro(std::__cxx11::basic_string<char, std::char_traits<char>, std::allocator<char> > const&, bool, Token*) (preprocess.cpp:333)
==129026==    by 0x404B309: define_macro(std::__cxx11::basic_string<char, std::char_traits<char>, std::allocator<char> > const&, std::__cxx11::basic_string<char, std::char_traits<char>, std::allocator<char> > const&) (preprocess.cpp:1009)
==129026==    by 0x404C2FB: init_macros() (preprocess.cpp:1090)
==129026==    by 0x40121AF: main (main.cpp:745)
==129026== 
==129026== 912 (96 direct, 816 indirect) bytes in 1 blocks are definitely lost in loss record 194 of 195
==129026==    at 0x4907093: operator new(unsigned long) (vg_replace_malloc.c:487)
==129026==    by 0x4045501: add_macro(std::__cxx11::basic_string<char, std::char_traits<char>, std::allocator<char> > const&, bool, Token*) (preprocess.cpp:333)
==129026==    by 0x404B309: define_macro(std::__cxx11::basic_string<char, std::char_traits<char>, std::allocator<char> > const&, std::__cxx11::basic_string<char, std::char_traits<char>, std::allocator<char> > const&) (preprocess.cpp:1009)
==129026==    by 0x404D616: init_macros() (preprocess.cpp:1123)
==129026==    by 0x40121AF: main (main.cpp:745)
==129026== 
==129026== 1,152 (96 direct, 1,056 indirect) bytes in 1 blocks are definitely lost in loss record 195 of 195
==129026==    at 0x4907093: operator new(unsigned long) (vg_replace_malloc.c:487)
==129026==    by 0x4045501: add_macro(std::__cxx11::basic_string<char, std::char_traits<char>, std::allocator<char> > const&, bool, Token*) (preprocess.cpp:333)
==129026==    by 0x404B309: define_macro(std::__cxx11::basic_string<char, std::char_traits<char>, std::allocator<char> > const&, std::__cxx11::basic_string<char, std::char_traits<char>, std::allocator<char> > const&) (preprocess.cpp:1009)
==129026==    by 0x404D690: init_macros() (preprocess.cpp:1124)
==129026==    by 0x40121AF: main (main.cpp:745)
==129026== 
==129026== LEAK SUMMARY:
==129026==    definitely lost: 4,552 bytes in 49 blocks
==129026==    indirectly lost: 20,804 bytes in 143 blocks
==129026==      possibly lost: 0 bytes in 0 blocks
==129026==    still reachable: 791 bytes in 8 blocks
==129026==         suppressed: 0 bytes in 0 blocks
==129026== Reachable blocks (those to which a pointer was found) are not shown.
==129026== To see them, rerun with: --leak-check=full --show-leak-kinds=all
==129026== 
==129026== For lists of detected and suppressed errors, rerun with: -s
==129026== ERROR SUMMARY: 49 errors from 49 contexts (suppressed: 0 from 0)
